Diagnose log at 2026-09-30T19:52:37Z

AppPath: C:\Program Files\Git\ucrt64\bin\git-credential-manager.exe
InstallDir: C:\Program Files\Git\ucrt64\bin\
Version: 2.9.1+6760f0ef069c994aa2bb1d703fb374986ee82a3e

------------
Diagnostic: Environment
Skipped: False
Success: True
Exception: None
Log:
OSType: Windows
OSVersion: 10.0 (build 26200)
Reading environment variables... OK
 Variables:
SystemDrive=C:
ProgramFiles(x86)=C:\Program Files (x86)
MSYSTEM=UCRT64
ProgramW6432=C:\Program Files
PROCESSOR_IDENTIFIER=Intel64 Family 6 Model 186 Stepping 3, GenuineIntel
TMP=C:\Users\v\AppData\Local\Temp
PROCESSOR_ARCHITECTURE=AMD64
DriverData=C:\Windows\System32\Drivers\DriverData
Path=C:/Program Files/Git/ucrt64/libexec/git-core;C:\Program Files\Git\ucrt64\bin;C:\Program Files\Git\usr\bin;C:\Users\v\bin;C:\WINDOWS\system32;C:\WINDOWS;C:\WINDOWS\System32\Wbem;C:\WINDOWS\System32\WindowsPowerShell\v1.0\;C:\WINDOWS\System32\OpenSSH\;C:\Program Files\dotnet\;C:\Program Files\nodejs\;C:\Program Files\Git\cmd;C:\WINDOWS\system32;C:\WINDOWS;C:\WINDOWS\System32\Wbem;C:\WINDOWS\System32\WindowsPowerShell\v1.0\;C:\WINDOWS\System32\OpenSSH\;C:\Program Files\dotnet\;C:\Program Files\nodejs\;C:\Users\v\AppData\Local\Microsoft\WindowsApps;C:\Users\v\AppData\Local\Programs\Microsoft VS Code\bin;C:\Users\v\AppData\Roaming\npm;C:\Program Files\Git\cmd
HOMEPATH=\Users\v
PROCESSOR_REVISION=ba03
EFC_2332_1592913036=1
TEMP=C:\Users\v\AppData\Local\Temp
USERPROFILE=C:\Users\v
LOGONSERVER=\\DESKTOP-P4QUDO8
TERM=xterm-256color
USERNAME=v
SystemRoot=C:\WINDOWS
GIT_EXEC_PATH=C:/Program Files/Git/ucrt64/libexec/git-core
PLINK_PROTOCOL=ssh
OneDrive=C:\Users\v\OneDrive
CommonProgramFiles=C:\Program Files\Common Files
ProgramData=C:\ProgramData
LC_CTYPE=C.UTF-8
EFC_2332_4126798990=1
OneDriveConsumer=C:\Users\v\OneDrive
COMPUTERNAME=DESKTOP-P4QUDO8
ALLUSERSPROFILE=C:\ProgramData
CommonProgramW6432=C:\Program Files\Common Files
SESSIONNAME=Console
CommonProgramFiles(x86)=C:\Program Files (x86)\Common Files
HOMEDRIVE=C:
windir=C:\WINDOWS
GIT_TRACE2_PARENT_SID=a4c7fd53-ee03-4e14-b79a-8336a1421af6
NUMBER_OF_PROCESSORS=8
OS=Windows_NT
ProgramFiles=C:\Program Files
ComSpec=C:\WINDOWS\system32\cmd.exe
PATHEXT=.COM;.EXE;.BAT;.CMD;.VBS;.VBE;.JS;.JSE;.WSF;.WSH;.MSC;.CPL
HOME=C:\Users\v
PSModulePath=C:\Users\v\OneDrive\Documents\WindowsPowerShell\Modules;C:\Program Files\WindowsPowerShell\Modules;C:\WINDOWS\system32\WindowsPowerShell\v1.0\Modules
TMPDIR=C:\Users\v\AppData\Local\Temp
APPDATA=C:\Users\v\AppData\Roaming
USERDOMAIN=DESKTOP-P4QUDO8
PROCESSOR_LEVEL=6
LOCALAPPDATA=C:\Users\v\AppData\Local
USERDOMAIN_ROAMINGPROFILE=DESKTOP-P4QUDO8
COLORTERM=truecolor
PUBLIC=C:\Users\Public


------------
Diagnostic: File system
Skipped: False
Success: True
Exception: None
Log:
Temporary directory is 'C:\Users\v\AppData\Local\Temp\'...
Checking basic file I/O...
Writing to temporary file 'C:\Users\v\AppData\Local\Temp\478c4fca8873b5cd31db8302'... OK
Reading from temporary file 'C:\Users\v\AppData\Local\Temp\478c4fca8873b5cd31db8302'... OK
Deleting temporary file 'C:\Users\v\AppData\Local\Temp\478c4fca8873b5cd31db8302'... OK
Testing IFileSystem instance...
UserHomePath: C:\Users\v
UserDataDirectoryPath: C:\Users\v\.gcm
GetCurrentDirectory(): C:\Users\v\Desktop\MACET-Website

------------
Diagnostic: Networking
Skipped: False
Success: True
Exception: None
Log:
Checking networking and HTTP stack...
Creating HTTP client... OK
IsNetworkAvailable: True
Sending HEAD request to http://example.com... OK
Sending HEAD request to https://example.com... OK
Acquiring free TCP port... OK
Testing local HTTP loopback connections...
Creating new HTTP listener for http://localhost:64010/... OK
Waiting for loopback connection... OK
Writing response... OK
Waiting for response data... OK
Loopback connection data OK

------------
Diagnostic: Git
Skipped: False
Success: True
Exception: None
Log:
Getting Git version... OK
Git version is '2.56.0.windows.1'
Locating current repository...Git repository at 'C:/Users/v/Desktop/MACET-Website/.git'
 OK
Listing all Git configuration... OK
Git configuration:
file:C:/Program Files/Git/etc/gitconfig	diff.astextplain.textconv=astextplain
file:C:/Program Files/Git/etc/gitconfig	filter.lfs.clean=git-lfs clean -- %f
file:C:/Program Files/Git/etc/gitconfig	filter.lfs.smudge=git-lfs smudge -- %f
file:C:/Program Files/Git/etc/gitconfig	filter.lfs.process=git-lfs filter-process
file:C:/Program Files/Git/etc/gitconfig	filter.lfs.required=true
file:C:/Program Files/Git/etc/gitconfig	http.sslbackend=schannel
file:C:/Program Files/Git/etc/gitconfig	core.autocrlf=true
file:C:/Program Files/Git/etc/gitconfig	core.fscache=true
file:C:/Program Files/Git/etc/gitconfig	core.symlinks=false
file:C:/Program Files/Git/etc/gitconfig	pull.rebase=false
file:C:/Program Files/Git/etc/gitconfig	credential.helper=manager
file:C:/Program Files/Git/etc/gitconfig	credential.https://dev.azure.com.usehttppath=true
file:C:/Program Files/Git/etc/gitconfig	init.defaultbranch=master
file:C:/Users/v/.gitconfig	user.name=Sobiya
file:C:/Users/v/.gitconfig	user.email=sobiyasobiyars@gmail.com
file:C:/Users/v/.gitconfig	credential.helper=manager
file:.git/config	core.repositoryformatversion=0
file:.git/config	core.filemode=false
file:.git/config	core.bare=false
file:.git/config	core.logallrefupdates=true
file:.git/config	core.symlinks=false
file:.git/config	core.ignorecase=true
file:.git/config	remote.origin.url=https://github.com/sobiya/MACET-Website.git
file:.git/config	remote.origin.fetch=+refs/heads/*:refs/remotes/origin/*


------------
Diagnostic: Credential storage
Skipped: False
Success: True
Exception: None
Log:
ICredentialStore instance is of type: CredentialStore
Writing test credential... OK
Reading test credential... OK
Deleting test credential... OK

------------
Diagnostic: Microsoft authentication (AAD/MSA)
Skipped: False
Success: True
Exception: None
Log:
Broker is not enabled.
Gathering MSAL token cache data... OK
CacheDirectory: C:\Users\v\AppData\Local\.IdentityService
CacheFileName: msal.cache
CacheFilePath: C:\Users\v\AppData\Local\.IdentityService\msal.cache
Creating cache helper... OK
Verifying MSAL token cache persistence... OK

------------
Diagnostic: GitHub API
Skipped: False
Success: True
Exception: None
Log:
Using 'https://github.com/' as API target.
Querying '/meta' endpoint... OK

